{"context":"send-money","cookies":{},"ip":"::1","level":"info","message":"Request received","method":"POST","path":"/","service":"mozart-api","timestamp":"2025-02-09T15:06:37.659Z","userAgent":"Mozilla/5.0 (Macintosh; Intel Mac OS X 10_15_7) AppleWebKit/537.36 (KHTML, like Gecko) Chrome/131.0.0.0 Safari/537.36"}
{"amount":"4","level":"info","message":"Processing send money request","network":"testnet","receiverEmail":"olvis@ogtechnologies.co","receiverName":"olvis","senderEmail":"olvisgil@gmail.com","service":"mozart-api","timestamp":"2025-02-09T15:06:37.696Z"}
{"amount":"4","level":"info","message":"Initiating Stellar transaction","network":"testnet","service":"mozart-api","timestamp":"2025-02-09T15:06:37.852Z"}
{"level":"error","message":"Stellar transaction failed destination is invalid","network":"testnet","service":"mozart-api","timestamp":"2025-02-09T15:06:38.300Z"}
{"context":"send-money","error":{"message":"Failed to process the Stellar transaction.","stack":"Error: Failed to process the Stellar transaction.\n    at sendStellarTransaction (/Users/olvisgil/Desktop/projects/mozart/mozartAPI/routes/sendMoney.ts:137:15)\n    at processTicksAndRejections (node:internal/process/task_queues:95:5)\n    at async /Users/olvisgil/Desktop/projects/mozart/mozartAPI/routes/sendMoney.ts:207:31"},"ip":"::1","level":"error","message":"Error occurred","method":"POST","path":"/","service":"mozart-api","timestamp":"2025-02-09T15:06:38.318Z"}
{"context":"send-money","cookies":{},"ip":"::1","level":"info","message":"Request received","method":"POST","path":"/","service":"mozart-api","timestamp":"2025-02-09T15:13:00.293Z","userAgent":"Mozilla/5.0 (Macintosh; Intel Mac OS X 10_15_7) AppleWebKit/537.36 (KHTML, like Gecko) Chrome/131.0.0.0 Safari/537.36"}
{"amount":"5","level":"info","message":"Processing send money request","network":"testnet","receiverEmail":"olvis@ogtechnologies.co","receiverName":"olvis","senderEmail":"olvisgil@gmail.com","service":"mozart-api","timestamp":"2025-02-09T15:13:00.296Z"}
{"level":"debug","message":"Looking up sender","senderEmail":"olvisgil@gmail.com","service":"mozart-api","timestamp":"2025-02-09T15:13:00.296Z"}
{"level":"debug","message":"Looking up receiver","receiverEmail":"olvis@ogtechnologies.co","service":"mozart-api","timestamp":"2025-02-09T15:13:00.341Z"}
{"level":"debug","message":"Preparing Stellar transaction","service":"mozart-api","timestamp":"2025-02-09T15:13:00.434Z"}
{"keyLength":161,"level":"debug","message":"Attempting to decrypt private key","network":"testnet","service":"mozart-api","timestamp":"2025-02-09T15:13:00.436Z"}
{"level":"debug","message":"Private key decrypted successfully","service":"mozart-api","timestamp":"2025-02-09T15:13:00.437Z"}
{"amount":"5","level":"info","message":"Initiating Stellar transaction","network":"testnet","service":"mozart-api","timestamp":"2025-02-09T15:13:00.438Z"}
{"level":"debug","message":"Loading sender account","publicKey":"GAQNLKIAUOUADD7XM3EMZKAVKEAK3QHPUCASEMZDKLOR6VC4VVNT2UZS","service":"mozart-api","timestamp":"2025-02-09T15:13:00.439Z"}
{"amount":"5.0000000","level":"debug","message":"Building transaction","networkType":"TESTNET","service":"mozart-api","timestamp":"2025-02-09T15:13:00.850Z"}
{"level":"error","message":"Stellar transaction failed destination is invalid","network":"testnet","service":"mozart-api","timestamp":"2025-02-09T15:13:00.853Z"}
{"context":"send-money","error":{"message":"Failed to process the Stellar transaction.","stack":"Error: Failed to process the Stellar transaction.\n    at sendStellarTransaction (/Users/olvisgil/Desktop/projects/mozart/mozartAPI/routes/sendMoney.ts:137:15)\n    at processTicksAndRejections (node:internal/process/task_queues:95:5)\n    at async /Users/olvisgil/Desktop/projects/mozart/mozartAPI/routes/sendMoney.ts:207:31"},"ip":"::1","level":"error","message":"Error occurred","method":"POST","path":"/","service":"mozart-api","timestamp":"2025-02-09T15:13:00.863Z"}
{"context":"send-money","cookies":{},"ip":"::1","level":"info","message":"Request received","method":"POST","path":"/","service":"mozart-api","timestamp":"2025-02-09T15:14:53.005Z","userAgent":"Mozilla/5.0 (Macintosh; Intel Mac OS X 10_15_7) AppleWebKit/537.36 (KHTML, like Gecko) Chrome/131.0.0.0 Safari/537.36"}
{"amount":"5","level":"info","message":"Processing send money request","network":"testnet","receiverEmail":"olvis@ogtechnologies.co","receiverName":"olvis","senderEmail":"olvisgil@gmail.com","service":"mozart-api","timestamp":"2025-02-09T15:14:53.007Z"}
{"level":"debug","message":"Looking up sender","senderEmail":"olvisgil@gmail.com","service":"mozart-api","timestamp":"2025-02-09T15:14:53.007Z"}
{"level":"debug","message":"Looking up receiver","receiverEmail":"olvis@ogtechnologies.co","service":"mozart-api","timestamp":"2025-02-09T15:14:53.055Z"}
{"level":"debug","message":"Preparing Stellar transaction","service":"mozart-api","timestamp":"2025-02-09T15:14:53.176Z"}
{"keyLength":161,"level":"debug","message":"Attempting to decrypt private key","network":"testnet","service":"mozart-api","timestamp":"2025-02-09T15:14:53.176Z"}
{"level":"debug","message":"Private key decrypted successfully","service":"mozart-api","timestamp":"2025-02-09T15:14:53.177Z"}
{"amount":"5","level":"info","message":"Initiating Stellar transaction","network":"testnet","service":"mozart-api","timestamp":"2025-02-09T15:14:53.177Z"}
{"level":"debug","message":"Loading sender account","publicKey":"GAQNLKIAUOUADD7XM3EMZKAVKEAK3QHPUCASEMZDKLOR6VC4VVNT2UZS","service":"mozart-api","timestamp":"2025-02-09T15:14:53.178Z"}
{"amount":"5.0000000","level":"debug","message":"Building transaction","networkType":"TESTNET","service":"mozart-api","timestamp":"2025-02-09T15:14:53.637Z"}
{"level":"error","message":"Stellar transaction failed destination is invalid","network":"testnet","service":"mozart-api","timestamp":"2025-02-09T15:14:53.639Z"}
{"context":"send-money","error":{"message":"Failed to process the Stellar transaction.","stack":"Error: Failed to process the Stellar transaction.\n    at sendStellarTransaction (/Users/olvisgil/Desktop/projects/mozart/mozartAPI/routes/sendMoney.ts:137:15)\n    at processTicksAndRejections (node:internal/process/task_queues:95:5)\n    at async /Users/olvisgil/Desktop/projects/mozart/mozartAPI/routes/sendMoney.ts:207:31"},"ip":"::1","level":"error","message":"Error occurred","method":"POST","path":"/","service":"mozart-api","timestamp":"2025-02-09T15:14:53.641Z"}
{"context":"send-money","cookies":{},"ip":"::1","level":"info","message":"Request received","method":"POST","path":"/","service":"mozart-api","timestamp":"2025-02-09T15:20:57.800Z","userAgent":"Mozilla/5.0 (Macintosh; Intel Mac OS X 10_15_7) AppleWebKit/537.36 (KHTML, like Gecko) Chrome/131.0.0.0 Safari/537.36"}
{"amount":"5","level":"info","message":"Processing send money request","network":"testnet","receiverEmail":"olvis@ogtechnologies.co","receiverName":"olvis","senderEmail":"olvisgil@gmail.com","service":"mozart-api","timestamp":"2025-02-09T15:20:57.802Z"}
{"level":"debug","message":"Looking up sender","senderEmail":"olvisgil@gmail.com","service":"mozart-api","timestamp":"2025-02-09T15:20:57.802Z"}
{"level":"debug","message":"Looking up receiver","receiverEmail":"olvis@ogtechnologies.co","service":"mozart-api","timestamp":"2025-02-09T15:20:57.868Z"}
{"level":"debug","message":"Preparing Stellar transaction","service":"mozart-api","timestamp":"2025-02-09T15:20:57.972Z"}
{"keyLength":161,"level":"debug","message":"Attempting to decrypt private key","network":"testnet","service":"mozart-api","timestamp":"2025-02-09T15:20:57.973Z"}
{"level":"debug","message":"Private key decrypted successfully","service":"mozart-api","timestamp":"2025-02-09T15:20:57.974Z"}
{"amount":"5","level":"info","message":"Initiating Stellar transaction","network":"testnet","receiverPublicKey":"GADVORBX5HV7NKDT7NLI6GFN2GMB3KKNTL4FXVMQ5LCMMUSS4KKGOPLJ","service":"mozart-api","timestamp":"2025-02-09T15:20:57.974Z"}
{"level":"debug","message":"Loading sender account","publicKey":"GAQNLKIAUOUADD7XM3EMZKAVKEAK3QHPUCASEMZDKLOR6VC4VVNT2UZS","service":"mozart-api","timestamp":"2025-02-09T15:20:57.975Z"}
{"amount":"5.0000000","level":"debug","message":"Building transaction","networkType":"TESTNET","service":"mozart-api","timestamp":"2025-02-09T15:20:58.439Z"}
{"level":"debug","message":"Submitting transaction to network","service":"mozart-api","timestamp":"2025-02-09T15:20:58.445Z"}
{"level":"error","message":"Stellar transaction failed Request failed with status code 400","network":"testnet","response":{"detail":"The transaction failed when submitted to the stellar network. The `extras.result_codes` field on this response contains further details.  Descriptions of each code can be found at: https://developers.stellar.org/api/errors/http-status-codes/horizon-specific/transaction-failed/","extras":{"envelope_xdr":"AAAAAgAAAAAg1akAo6gBj/dmyMyoFVEArcDvoIEiMyNS3R9UXK1bPQAAAGQAA2OIAAAAjgAAAAEAAAAAAAAAAAAAAABnqMf4AAAAAAAAAAEAAAAAAAAAAQAAAAAHV0Q36ev2qHP7Vo8YrdGYHalNmvhb1ZDqxMZSUuKUZwAAAAAAAAAAAvrwgAAAAAAAAAABXK1bPQAAAECXie3AYtfLBgkqs2KCN5paUmi7iB7B+9xn9t5FnqKX+wAEpgGm5mtbJbTTeMjAoNiS9rMhyHeEsHWJXcpcqawC","result_codes":{"operations":["op_no_destination"],"transaction":"tx_failed"},"result_xdr":"AAAAAAAAAGT/////AAAAAQAAAAAAAAAB////+wAAAAA="},"status":400,"title":"Transaction Failed","type":"https://stellar.org/horizon-errors/transaction_failed"},"service":"mozart-api","status":400,"timestamp":"2025-02-09T15:21:03.729Z"}
{"context":"send-money","error":{"message":"Failed to process the Stellar transaction.","stack":"Error: Failed to process the Stellar transaction.\n    at sendStellarTransaction (/Users/olvisgil/Desktop/projects/mozart/mozartAPI/routes/sendMoney.ts:137:15)\n    at processTicksAndRejections (node:internal/process/task_queues:95:5)\n    at async /Users/olvisgil/Desktop/projects/mozart/mozartAPI/routes/sendMoney.ts:220:31"},"ip":"::1","level":"error","message":"Error occurred","method":"POST","path":"/","service":"mozart-api","timestamp":"2025-02-09T15:21:03.730Z"}
{"context":"send-money","cookies":{},"ip":"::1","level":"info","message":"Request received","method":"POST","path":"/","service":"mozart-api","timestamp":"2025-02-09T15:26:18.590Z","userAgent":"Mozilla/5.0 (Macintosh; Intel Mac OS X 10_15_7) AppleWebKit/537.36 (KHTML, like Gecko) Chrome/131.0.0.0 Safari/537.36"}
{"amount":"5","level":"info","message":"Processing send money request","network":"testnet","receiverEmail":"olvis@ogtechnologies.co","receiverName":"olvis","senderEmail":"olvisgil@gmail.com","service":"mozart-api","timestamp":"2025-02-09T15:26:18.594Z"}
{"level":"debug","message":"Looking up sender","senderEmail":"olvisgil@gmail.com","service":"mozart-api","timestamp":"2025-02-09T15:26:18.594Z"}
{"level":"debug","message":"Looking up receiver","receiverEmail":"olvis@ogtechnologies.co","service":"mozart-api","timestamp":"2025-02-09T15:26:18.651Z"}
{"level":"debug","message":"Using Mozart destination account","network":"testnet","publicKey":"GDRUJQHTQQF3M54T6NI4LKUY5HXRETSLMU474DGIM7O6YTIXJVA3SNT5","service":"mozart-api","timestamp":"2025-02-09T15:26:18.744Z"}
{"level":"debug","message":"Mozart destination account verified","service":"mozart-api","timestamp":"2025-02-09T15:26:19.195Z"}
{"level":"debug","message":"Preparing Stellar transaction","service":"mozart-api","timestamp":"2025-02-09T15:26:19.196Z"}
{"keyLength":161,"level":"debug","message":"Attempting to decrypt private key","network":"testnet","service":"mozart-api","timestamp":"2025-02-09T15:26:19.197Z"}
{"level":"debug","message":"Private key decrypted successfully","service":"mozart-api","timestamp":"2025-02-09T15:26:19.201Z"}
{"amount":"5","level":"info","message":"Initiating Stellar transaction","network":"testnet","receiverPublicKey":"GDRUJQHTQQF3M54T6NI4LKUY5HXRETSLMU474DGIM7O6YTIXJVA3SNT5","service":"mozart-api","timestamp":"2025-02-09T15:26:19.202Z"}
{"level":"debug","message":"Loading sender account","publicKey":"GAQNLKIAUOUADD7XM3EMZKAVKEAK3QHPUCASEMZDKLOR6VC4VVNT2UZS","service":"mozart-api","timestamp":"2025-02-09T15:26:19.203Z"}
{"amount":"5.0000000","level":"debug","message":"Building transaction","networkType":"TESTNET","service":"mozart-api","timestamp":"2025-02-09T15:26:19.653Z"}
{"level":"debug","message":"Submitting transaction to network","service":"mozart-api","timestamp":"2025-02-09T15:26:19.669Z"}
{"hash":"e06f79813c3cf5799b62392fdad17e08e7cdad2a57d4b18c49e966d5734725c0","ledger":1051645,"level":"info","message":"Transaction completed successfully","service":"mozart-api","timestamp":"2025-02-09T15:26:23.717Z"}
{"level":"debug","message":"Creating transaction record","service":"mozart-api","timestamp":"2025-02-09T15:26:23.718Z"}
{"hash":"e06f79813c3cf5799b62392fdad17e08e7cdad2a57d4b18c49e966d5734725c0","level":"info","message":"Transaction record created","service":"mozart-api","timestamp":"2025-02-09T15:26:23.807Z","transactionId":"67a8c91fb7e8e762260a14f2"}
{"level":"debug","message":"Sending email notifications","service":"mozart-api","timestamp":"2025-02-09T15:26:23.808Z"}
{"level":"info","message":"Email notifications sent successfully","service":"mozart-api","timestamp":"2025-02-09T15:26:24.346Z"}
